core_cm4.h:2064:26:ITM_SendChar	16	static,ignoring_inline_asm
main.c:147:5:main	11560	static
main.c:482:6:SystemClock_Config	88	static
main.c:526:13:MX_ADC1_Init	24	static
main.c:576:13:MX_I2C1_Init	8	static
main.c:622:13:MX_I2C2_Init	8	static
main.c:668:13:MX_SDIO_SD_Init	4	static
main.c:696:13:MX_SPI1_Init	8	static
main.c:733:13:MX_TIM13_Init	8	static
main.c:764:13:MX_TIM14_Init	8	static
main.c:795:13:MX_USART1_UART_Init	8	static
main.c:828:13:MX_USART2_UART_Init	8	static
main.c:859:13:MX_DMA_Init	16	static
main.c:880:13:MX_GPIO_Init	56	static
main.c:925:5:_write	40	static
main.c:939:6:HAL_TIM_PeriodElapsedCallback	32	static
main.c:1005:6:HAL_I2C_SlaveRxCpltCallback	24	static
main.c:1033:6:HAL_UART_RxCpltCallback	16	static
main.c:1062:6:HAL_UART_AbortCpltCallback	16	static
main.c:1072:6:Error_Handler	4	static,ignoring_inline_asm
