MCU_Init.c:116:6:SystemClock_Config	136	static
MCU_Init.c:195:6:MX_GPIO_Init	64	static
MCU_Init.c:350:6:MX_ADC1_Init	8	static
MCU_Init.c:382:6:MX_FMC_Init	40	static
MCU_Init.c:433:6:MX_I2C1_Init	8	static
MCU_Init.c:462:6:MX_I2C2_Init	8	static
MCU_Init.c:491:6:MX_I2C3_Init	8	static
MCU_Init.c:523:6:I2C_Reset	16	static
MCU_Init.c:558:6:MX_SDIO_SD_Init	4	static
MCU_Init.c:581:6:MX_SPI1_Init	8	static
MCU_Init.c:627:6:MX_SPI2_Init	8	static
MCU_Init.c:692:6:MX_SPI6_Init	8	static
MCU_Init.c:724:6:MX_TIM5_Init	64	static
MCU_Init.c:792:6:MX_USART4_Init	8	static
MCU_Init.c:821:6:MX_UART7_Init	16	static
MCU_Init.c:848:6:MX_USART1_Init	8	static
MCU_Init.c:876:6:MX_USART6_Init	8	static
MCU_Init.c:904:6:MX_DMA_Init	8	static
MCU_Init.c:920:6:MX_DMA_USART7_Init	16	static
MCU_Init.c:941:6:MX_DMA_SDIO_Init	16	static
MCU_Init.c:965:6:MX_RTC_Init	8	static
MCU_Init.c:1021:6:MX_WWDG_Init	8	static
MCU_Init.c:1049:6:MX_IWDG_Init	8	static
MCU_Init.c:1071:9:InitCdCard	16	static
MCU_Init.c:1138:6:SD_Card_Eject_Detection_Service	16	static
MCU_Init.c:1190:6:SD_Card_Eject_Detected	4	static
MCU_Init.c:1211:13:RCC_SDIO_RESET	8	static
MCU_Init.c:1230:13:RCC_DMA2_RESET	8	static
MCU_Init.c:1250:13:MCU_Init_SDCard_Pins_RESET	32	static
